INFO:root:extracting file C:\Users\Teofil\Desktop\directory\avg_file (2).zip duration 2.218228340148926 size 1277576
INFO:root:extracting file C:\Users\Teofil\Desktop\directory\avg_file (1).zip duration 4.155331373214722 size 1277576
INFO:root:extracting file C:\Users\Teofil\Desktop\directory\avg_file (3).zip duration 4.092787265777588 size 1277576
INFO:root:extracting file C:\Users\Teofil\Desktop\directory\avg_file (4).zip duration 4.505795001983643 size 1277576
INFO:root:extracting file C:\Users\Teofil\Desktop\directory\small file (1).zip duration 2.662506341934204 size 723784
INFO:root:extracting file C:\Users\Teofil\Desktop\directory\avg_file (5).zip duration 5.161893367767334 size 1277576
INFO:root:extracting file C:\Users\Teofil\Desktop\directory\small file (2).zip duration 3.802781105041504 size 723784
INFO:root:extracting file C:\Users\Teofil\Desktop\directory\small file (3).zip duration 4.108410120010376 size 723784
INFO:root:file C:\Users\Teofil\Desktop\directory\avg_file (1).zip; duration 3; size 1277576;
INFO:root:file C:\Users\Teofil\Desktop\directory\avg_file (5).zip; duration 0; size 1277576;
INFO:root:file C:\Users\Teofil\Desktop\directory\avg_file (2).zip; duration 6; size 1277576;
INFO:root:file C:\Users\Teofil\Desktop\directory\avg_file (3).zip; duration 7; size 1277576;
INFO:root:file C:\Users\Teofil\Desktop\directory\avg_file (4).zip; duration 7; size 1277576;
INFO:root:file C:\Users\Teofil\Desktop\directory\small file (2).zip; duration 2; size 723784;
INFO:root:file C:\Users\Teofil\Desktop\directory\small file (5).zip; duration 2; size 723784;
INFO:root:file C:\Users\Teofil\Desktop\directory\small file (3).zip; duration 4; size 723784;
INFO:root:file C:\Users\Teofil\Desktop\directory\small file (4).zip; duration 3; size 723784;
INFO:root:file C:\Users\Teofil\Desktop\directory\small file (6).zip; duration 2; size 1447568;
INFO:root:file C:\Users\Teofil\Desktop\directory\avg_file (1).zip; duration 3; size 1277576;
INFO:root:file C:\Users\Teofil\Desktop\directory\avg_file (2).zip; duration 4; size 1277576;
INFO:root:file C:\Users\Teofil\Desktop\directory\avg_file (3).zip; duration 5; size 1277576;
INFO:root:file C:\Users\Teofil\Desktop\directory\avg_file (4).zip; duration 6; size 1277576;
INFO:root:file C:\Users\Teofil\Desktop\directory\avg_file (5).zip; duration 4; size 1277576;
INFO:root:file C:\Users\Teofil\Desktop\directory\small file (1).zip; duration 2; size 723784;
INFO:root:file C:\Users\Teofil\Desktop\directory\small file (4).zip; duration 2; size 723784;
INFO:root:file C:\Users\Teofil\Desktop\directory\small file (5).zip; duration 1; size 723784;
INFO:root:file C:\Users\Teofil\Desktop\directory\small file (2).zip; duration 4; size 723784;
INFO:root:file C:\Users\Teofil\Desktop\directory\small file (6).zip; duration 2; size 1447568;
INFO:root:file C:\Users\Teofil\Desktop\directory\avg_file (1).zip; duration 4; size 1277576;
INFO:root:file C:\Users\Teofil\Desktop\directory\avg_file (3).zip; duration 3; size 1277576;
INFO:root:file C:\Users\Teofil\Desktop\directory\avg_file (4).zip; duration 4; size 1277576;
INFO:root:file C:\Users\Teofil\Desktop\directory\avg_file (5).zip; duration 2; size 1277576;
INFO:root:file C:\Users\Teofil\Desktop\directory\avg_file (2).zip; duration 7; size 1277576;
INFO:root:file C:\Users\Teofil\Desktop\directory\small file (1).zip; duration 3; size 723784;
INFO:root:file C:\Users\Teofil\Desktop\directory\small file (2).zip; duration 3; size 723784;
INFO:root:file C:\Users\Teofil\Desktop\directory\small file (3).zip; duration 3; size 723784;
INFO:root:file C:\Users\Teofil\Desktop\directory\small file (4).zip; duration 3; size 723784;
INFO:root:file C:\Users\Teofil\Desktop\directory\small file (5).zip; duration 7; size 723784;
INFO:root:file C:\Users\Teofil\Desktop\directory\small file (6).zip; duration 17; size 1447568;
INFO:root:file C:\Users\Teofil\Desktop\directory\avg_file (5).zip; duration 0; size 1277576;
INFO:root:file C:\Users\Teofil\Desktop\directory\avg_file (3).zip; duration 3; size 1277576;
INFO:root:file C:\Users\Teofil\Desktop\directory\avg_file (4).zip; duration 4; size 1277576;
INFO:root:file C:\Users\Teofil\Desktop\directory\avg_file (5).zip; duration 3; size 1277576;
INFO:root:file C:\Users\Teofil\Desktop\directory\avg_file (2).zip; duration 7; size 1277576;
INFO:root:file C:\Users\Teofil\Desktop\directory\small file (2).zip; duration 3; size 723784;
INFO:root:file C:\Users\Teofil\Desktop\directory\small file (3).zip; duration 3; size 723784;
INFO:root:file C:\Users\Teofil\Desktop\directory\small file (4).zip; duration 3; size 723784;
INFO:root:file C:\Users\Teofil\Desktop\directory\small file (5).zip; duration 3; size 723784;
INFO:root:file C:\Users\Teofil\Desktop\directory\small file (5).zip; duration 7; size 723784;
INFO:root:file C:\Users\Teofil\Desktop\directory\avg_file (2).zip; duration 2; size 1277576;
INFO:root:file C:\Users\Teofil\Desktop\directory\avg_file (3).zip; duration 2; size 1277576;
INFO:root:file C:\Users\Teofil\Desktop\directory\avg_file (4).zip; duration 3; size 1277576;
INFO:root:file C:\Users\Teofil\Desktop\directory\avg_file (1).zip; duration 5; size 1277576;
INFO:root:file C:\Users\Teofil\Desktop\directory\avg_file (5).zip; duration 6; size 1277576;
INFO:root:file C:\Users\Teofil\Desktop\directory\small file (1).zip; duration 6; size 723784;
INFO:root:file C:\Users\Teofil\Desktop\directory\small file (2).zip; duration 5; size 723784;
INFO:root:file C:\Users\Teofil\Desktop\directory\small file (3).zip; duration 5; size 723784;
INFO:root:file C:\Users\Teofil\Desktop\directory\small file (4).zip; duration 5; size 723784;
INFO:root:file C:\Users\Teofil\Desktop\directory\small file (5).zip; duration 5; size 723784;
INFO:root:file C:\Users\Teofil\Desktop\directory\small file (6).zip; duration 15; size 1447568;
INFO:root:file C:\Users\Teofil\Desktop\directory\avg_file (3).zip; duration 4; size 1277576;
INFO:root:file C:\Users\Teofil\Desktop\directory\avg_file (4).zip; duration 5; size 1277576;
INFO:root:file C:\Users\Teofil\Desktop\directory\avg_file (1).zip; duration 8; size 1277576;
INFO:root:file C:\Users\Teofil\Desktop\directory\avg_file (5).zip; duration 4; size 1277576;
INFO:root:file C:\Users\Teofil\Desktop\directory\small file (4).zip; duration 1; size 723784;
INFO:root:file C:\Users\Teofil\Desktop\directory\small file (1).zip; duration 5; size 723784;
INFO:root:file C:\Users\Teofil\Desktop\directory\small file (2).zip; duration 4; size 723784;
INFO:root:file C:\Users\Teofil\Desktop\directory\small file (5).zip; duration 3; size 723784;
INFO:root:file C:\Users\Teofil\Desktop\directory\small file (5).zip; duration 6; size 723784;
INFO:root:file C:\Users\Teofil\Desktop\directory\avg_file (2).zip; duration 4; size 1277576;
INFO:root:file C:\Users\Teofil\Desktop\directory\avg_file (4).zip; duration 4; size 1277576;
INFO:root:file C:\Users\Teofil\Desktop\directory\avg_file (1).zip; duration 7; size 1277576;
INFO:root:file C:\Users\Teofil\Desktop\directory\small file (1).zip; duration 1; size 723784;
INFO:root:file C:\Users\Teofil\Desktop\directory\avg_file (5).zip; duration 3; size 1277576;
INFO:root:file C:\Users\Teofil\Desktop\directory\small file (1).zip; duration 3; size 723784;
INFO:root:file C:\Users\Teofil\Desktop\directory\small file (2).zip; duration 3; size 723784;
INFO:root:file C:\Users\Teofil\Desktop\directory\small file (3).zip; duration 3; size 723784;
INFO:root:file C:\Users\Teofil\Desktop\directory\small file (4).zip; duration 11; size 723784;
INFO:root:file C:\Users\Teofil\Desktop\directory\small file (5).zip; duration 11; size 723784;
INFO:root:file C:\Users\Teofil\Desktop\directory\small file (6).zip; duration 25; size 1447568;
INFO:root:file C:\Users\Teofil\Desktop\directory\avg_file (1).zip; duration 3; size 1277576;
INFO:root:file C:\Users\Teofil\Desktop\directory\avg_file (3).zip; duration 3; size 1277576;
INFO:root:file C:\Users\Teofil\Desktop\directory\avg_file (4).zip; duration 4; size 1277576;
INFO:root:file C:\Users\Teofil\Desktop\directory\avg_file (5).zip; duration 3; size 1277576;
INFO:root:file C:\Users\Teofil\Desktop\directory\avg_file (2).zip; duration 6; size 1277576;
INFO:root:file C:\Users\Teofil\Desktop\directory\small file (4).zip; duration 1; size 723784;
INFO:root:file C:\Users\Teofil\Desktop\directory\small file (1).zip; duration 5; size 723784;
INFO:root:file C:\Users\Teofil\Desktop\directory\small file (2).zip; duration 4; size 723784;
INFO:root:file C:\Users\Teofil\Desktop\directory\small file (5).zip; duration 3; size 723784;
INFO:root:file C:\Users\Teofil\Desktop\directory\small file (5).zip; duration 6; size 723784;
INFO:root:file C:\Users\Teofil\Desktop\directory\small file (6).zip; duration 16; size 1447568;
INFO:root:extracted 11454368 of data in 28 with 4 threads
INFO:root:file C:\Users\Teofil\Desktop\directory\small file (1).zip; duration 1; size 723784;
INFO:root:file C:\Users\Teofil\Desktop\directory\avg_file (1).zip; duration 7; size 1277576;
INFO:root:file C:\Users\Teofil\Desktop\directory\avg_file (2).zip; duration 6; size 1277576;
INFO:root:file C:\Users\Teofil\Desktop\directory\avg_file (3).zip; duration 6; size 1277576;
INFO:root:file C:\Users\Teofil\Desktop\directory\avg_file (4).zip; duration 7; size 1277576;
INFO:root:file C:\Users\Teofil\Desktop\directory\avg_file (5).zip; duration 7; size 1277576;
INFO:root:file C:\Users\Teofil\Desktop\directory\small file (2).zip; duration 5; size 723784;
INFO:root:file C:\Users\Teofil\Desktop\directory\small file (3).zip; duration 5; size 723784;
INFO:root:file C:\Users\Teofil\Desktop\directory\small file (4).zip; duration 7; size 723784;
INFO:root:file C:\Users\Teofil\Desktop\directory\small file (5).zip; duration 7; size 723784;
INFO:root:file C:\Users\Teofil\Desktop\directory\small file (6).zip; duration 20; size 1447568;
INFO:root:extracted 11454368 of data in 35s with 6 threads
INFO:root:file C:\Users\Teofil\Desktop\directory\avg_file (1).zip; duration 1; size 1277576;
INFO:root:file C:\Users\Teofil\Desktop\directory\avg_file (2).zip; duration 1; size 1277576;
INFO:root:file C:\Users\Teofil\Desktop\directory\avg_file (3).zip; duration 0; size 1277576;
INFO:root:file C:\Users\Teofil\Desktop\directory\small file (1).zip; duration 0; size 723784;
INFO:root:file C:\Users\Teofil\Desktop\directory\avg_file (5).zip; duration 1; size 1277576;
INFO:root:file C:\Users\Teofil\Desktop\directory\small file (1).zip; duration 0; size 723784;
INFO:root:file C:\Users\Teofil\Desktop\directory\small file (2).zip; duration 0; size 723784;
INFO:root:file C:\Users\Teofil\Desktop\directory\small file (3).zip; duration 1; size 723784;
INFO:root:file C:\Users\Teofil\Desktop\directory\small file (4).zip; duration 1; size 723784;
INFO:root:file C:\Users\Teofil\Desktop\directory\small file (5).zip; duration 1; size 723784;
INFO:root:file C:\Users\Teofil\Desktop\directory\small file (6).zip; duration 11; size 1447568;
INFO:root:extracted 10900576 of data in 19s with 2 threads
INFO:root:file C:\Users\Teofil\Desktop\directory\avg_file (1).zip; duration 0; size 1277576;
INFO:root:file C:\Users\Teofil\Desktop\directory\avg_file (2).zip; duration 0; size 1277576;
INFO:root:file C:\Users\Teofil\Desktop\directory\avg_file (4).zip; duration 0; size 1277576;
INFO:root:file C:\Users\Teofil\Desktop\directory\avg_file (5).zip; duration 0; size 1277576;
INFO:root:file C:\Users\Teofil\Desktop\directory\small file (1).zip; duration 0; size 723784;
INFO:root:file C:\Users\Teofil\Desktop\directory\small file (2).zip; duration 0; size 723784;
INFO:root:file C:\Users\Teofil\Desktop\directory\small file (3).zip; duration 0; size 723784;
INFO:root:file C:\Users\Teofil\Desktop\directory\small file (4).zip; duration 0; size 723784;
INFO:root:file C:\Users\Teofil\Desktop\directory\small file (5).zip; duration 0; size 723784;
INFO:root:file C:\Users\Teofil\Desktop\directory\small file (6).zip; duration 0; size 1447568;
INFO:root:file C:\Users\Teofil\Desktop\directory\avg_file (2).zip; duration 0; size 1277576;
INFO:root:file C:\Users\Teofil\Desktop\directory\avg_file (3).zip; duration 0; size 1277576;
INFO:root:file C:\Users\Teofil\Desktop\directory\avg_file (3).zip; duration 0; size 1277576;
INFO:root:file C:\Users\Teofil\Desktop\directory\avg_file (5).zip; duration 0; size 1277576;
INFO:root:file C:\Users\Teofil\Desktop\directory\avg_file (5).zip; duration 0; size 1277576;
INFO:root:file C:\Users\Teofil\Desktop\directory\small file (1).zip; duration 0; size 723784;
INFO:root:file C:\Users\Teofil\Desktop\directory\small file (3).zip; duration 0; size 723784;
INFO:root:file C:\Users\Teofil\Desktop\directory\small file (4).zip; duration 0; size 723784;
INFO:root:file C:\Users\Teofil\Desktop\directory\small file (4).zip; duration 0; size 723784;
INFO:root:file C:\Users\Teofil\Desktop\directory\small file (6).zip; duration 0; size 1447568;
INFO:root:file C:\Users\Teofil\Desktop\directory\small file (6).zip; duration 3; size 1447568;
INFO:root:extracted 12178152 of data in 7s with 1 threads
INFO:root:file C:\Users\Teofil\Desktop\directory\avg_file (2).zip; duration 0; size 1277576;
INFO:root:file C:\Users\Teofil\Desktop\directory\avg_file (3).zip; duration 0; size 1277576;
INFO:root:file C:\Users\Teofil\Desktop\directory\avg_file (3).zip; duration 5; size 1277576;
INFO:root:file C:\Users\Teofil\Desktop\directory\avg_file (4).zip; duration 0; size 1277576;
INFO:root:file C:\Users\Teofil\Desktop\directory\avg_file (5).zip; duration 0; size 1277576;
INFO:root:file C:\Users\Teofil\Desktop\directory\small file (1).zip; duration 3; size 723784;
INFO:root:file C:\Users\Teofil\Desktop\directory\small file (2).zip; duration 0; size 723784;
INFO:root:file C:\Users\Teofil\Desktop\directory\small file (3).zip; duration 3; size 723784;
INFO:root:file C:\Users\Teofil\Desktop\directory\small file (5).zip; duration 0; size 723784;
INFO:root:file C:\Users\Teofil\Desktop\directory\small file (5).zip; duration 1; size 723784;
INFO:root:file C:\Users\Teofil\Desktop\directory\small file (6).zip; duration 6; size 1447568;
INFO:root:extracted 11454368 of data in 23s with 1 threads
INFO:root:file C:\Users\Teofil\Desktop\directory\avg_file (1).zip; duration 0; size 1277576;
INFO:root:file C:\Users\Teofil\Desktop\directory\avg_file (3).zip; duration 0; size 1277576;
INFO:root:file C:\Users\Teofil\Desktop\directory\avg_file (4).zip; duration 0; size 1277576;
INFO:root:file C:\Users\Teofil\Desktop\directory\avg_file (5).zip; duration 0; size 1277576;
INFO:root:file C:\Users\Teofil\Desktop\directory\small file (1).zip; duration 0; size 723784;
INFO:root:file C:\Users\Teofil\Desktop\directory\small file (1).zip; duration 0; size 723784;
INFO:root:file C:\Users\Teofil\Desktop\directory\small file (2).zip; duration 0; size 723784;
INFO:root:file C:\Users\Teofil\Desktop\directory\small file (4).zip; duration 0; size 723784;
INFO:root:file C:\Users\Teofil\Desktop\directory\small file (5).zip; duration 0; size 723784;
INFO:root:file C:\Users\Teofil\Desktop\directory\small file (5).zip; duration 0; size 723784;
INFO:root:file C:\Users\Teofil\Desktop\directory\small file (6).zip; duration 3; size 1447568;
INFO:root:extracted 10900576 of data in 7s with 1 threads
INFO:root:file C:\Users\Teofil\Desktop\directory\avg_file (2).zip; duration 0; size 1277576;
INFO:root:file C:\Users\Teofil\Desktop\directory\avg_file (2).zip; duration 0; size 1277576;
INFO:root:file C:\Users\Teofil\Desktop\directory\avg_file (3).zip; duration 6; size 1277576;
INFO:root:file C:\Users\Teofil\Desktop\directory\avg_file (5).zip; duration 0; size 1277576;
INFO:root:file C:\Users\Teofil\Desktop\directory\small file (1).zip; duration 0; size 723784;
INFO:root:file C:\Users\Teofil\Desktop\directory\small file (1).zip; duration 3; size 723784;
INFO:root:file C:\Users\Teofil\Desktop\directory\small file (3).zip; duration 0; size 723784;
INFO:root:file C:\Users\Teofil\Desktop\directory\small file (3).zip; duration 0; size 723784;
INFO:root:file C:\Users\Teofil\Desktop\directory\small file (5).zip; duration 0; size 723784;
INFO:root:file C:\Users\Teofil\Desktop\directory\small file (6).zip; duration 0; size 1447568;
INFO:root:file C:\Users\Teofil\Desktop\directory\small file (6).zip; duration 3; size 1447568;
INFO:root:extracted 11624360 of data in 22s with 1 threads
INFO:root:file C:\Users\Teofil\Desktop\directory\avg_file (1).zip; duration 0; size 1277576;
INFO:root:file C:\Users\Teofil\Desktop\directory\avg_file (2).zip; duration 5; size 1277576;
INFO:root:file C:\Users\Teofil\Desktop\directory\avg_file (3).zip; duration 0; size 1277576;
INFO:root:file C:\Users\Teofil\Desktop\directory\avg_file (4).zip; duration 3; size 1277576;
INFO:root:file C:\Users\Teofil\Desktop\directory\small file (1).zip; duration 0; size 723784;
INFO:root:file C:\Users\Teofil\Desktop\directory\small file (1).zip; duration 0; size 723784;
INFO:root:file C:\Users\Teofil\Desktop\directory\small file (2).zip; duration 3; size 723784;
INFO:root:file C:\Users\Teofil\Desktop\directory\small file (3).zip; duration 0; size 723784;
INFO:root:file C:\Users\Teofil\Desktop\directory\small file (4).zip; duration 0; size 723784;
INFO:root:file C:\Users\Teofil\Desktop\directory\small file (5).zip; duration 0; size 723784;
INFO:root:extracted 9453008 of data in 21s with 1 threads
INFO:root:extracted 0 of data in 25s with 11 threads
INFO:root:size:0 duration:15 no-threads:11 gtimout:True
INFO:root:size:0 duration:14 no-threads:11 gtimout:True
INFO:root:size:0 duration:17 no-threads:11 gtimout:True
INFO:root:size:0 duration:15 no-threads:11 gtimout:True
INFO:root:size:0 duration:11 no-threads:11 gtimout:True
INFO:root:size:0 duration:12 no-threads:11 gtimout:True
INFO:root:file C:\Users\Teofil\Desktop\directory\avg_file (1).zip; duration 0; size 1277576;
INFO:root:file C:\Users\Teofil\Desktop\directory\avg_file (3).zip; duration 0; size 1277576;
INFO:root:file C:\Users\Teofil\Desktop\directory\avg_file (3).zip; duration 0; size 1277576;
INFO:root:file C:\Users\Teofil\Desktop\directory\avg_file (4).zip; duration 0; size 1277576;
INFO:root:file C:\Users\Teofil\Desktop\directory\avg_file (5).zip; duration 0; size 1277576;
INFO:root:file C:\Users\Teofil\Desktop\directory\small file (1).zip; duration 0; size 723784;
INFO:root:file C:\Users\Teofil\Desktop\directory\small file (2).zip; duration 0; size 723784;
INFO:root:file C:\Users\Teofil\Desktop\directory\small file (3).zip; duration 0; size 723784;
INFO:root:file C:\Users\Teofil\Desktop\directory\small file (4).zip; duration 0; size 723784;
INFO:root:file C:\Users\Teofil\Desktop\directory\small file (6).zip; duration 0; size 1447568;
INFO:root:file C:\Users\Teofil\Desktop\directory\small file (6).zip; duration 3; size 1447568;
INFO:root:size:12178152 duration:7 no-threads:1 gtimout:False
INFO:root:file C:\Users\Teofil\Desktop\directory\avg_file (1).zip; duration 0; size 1277576;
INFO:root:file C:\Users\Teofil\Desktop\directory\avg_file (2).zip; duration 0; size 1277576;
INFO:root:file C:\Users\Teofil\Desktop\directory\avg_file (3).zip; duration 0; size 1277576;
INFO:root:file C:\Users\Teofil\Desktop\directory\avg_file (4).zip; duration 0; size 1277576;
INFO:root:file C:\Users\Teofil\Desktop\directory\avg_file (5).zip; duration 0; size 1277576;
INFO:root:file C:\Users\Teofil\Desktop\directory\small file (2).zip; duration 0; size 723784;
INFO:root:file C:\Users\Teofil\Desktop\directory\small file (2).zip; duration 0; size 723784;
INFO:root:file C:\Users\Teofil\Desktop\directory\small file (3).zip; duration 0; size 723784;
INFO:root:file C:\Users\Teofil\Desktop\directory\small file (4).zip; duration 0; size 723784;
INFO:root:file C:\Users\Teofil\Desktop\directory\small file (6).zip; duration 0; size 1447568;
INFO:root:file C:\Users\Teofil\Desktop\directory\small file (6).zip; duration 3; size 1447568;
INFO:root:size:12178152 duration:8 no-threads:1 gtimout:False
INFO:root:file:C:\Users\Teofil\Desktop\directory\avg_file (2).zip duration:0 size:1277576 timeout:False
INFO:root:file:C:\Users\Teofil\Desktop\directory\avg_file (2).zip duration:0 size:1277576 timeout:False
INFO:root:file:C:\Users\Teofil\Desktop\directory\avg_file (3).zip duration:0 size:1277576 timeout:False
INFO:root:file:C:\Users\Teofil\Desktop\directory\avg_file (4).zip duration:0 size:1277576 timeout:False
INFO:root:file:C:\Users\Teofil\Desktop\directory\avg_file (5).zip duration:0 size:1277576 timeout:False
INFO:root:file:C:\Users\Teofil\Desktop\directory\small file (1).zip duration:0 size:723784 timeout:False
INFO:root:file:C:\Users\Teofil\Desktop\directory\small file (2).zip duration:0 size:723784 timeout:False
INFO:root:file:C:\Users\Teofil\Desktop\directory\small file (4).zip duration:0 size:723784 timeout:False
INFO:root:file:C:\Users\Teofil\Desktop\directory\small file (4).zip duration:0 size:723784 timeout:False
INFO:root:file:C:\Users\Teofil\Desktop\directory\111.zip duration:6 size:28073628 timeout:True
INFO:root:size:0 duration:11 no-threads:1 gtimout:True
INFO:root:file:C:\Users\Teofil\Desktop\directory\111.zip duration:6 size:28073628 timeout:True
INFO:root:size:0 duration:12 no-threads:1 gtimout:True
INFO:root:file:C:\Users\Teofil\Desktop\directory\111.zip duration:6 size:28073628 timeout:True
INFO:root:size:0 duration:11 no-threads:1 gtimout:True
INFO:root:file:C:\Users\Teofil\Desktop\directory\111.zip duration:21 size:9357876 timeout:True
INFO:root:file:C:\Users\Teofil\Desktop\directory\avg_file (2).zip duration:0 size:1277576 timeout:False
INFO:root:file:C:\Users\Teofil\Desktop\directory\avg_file (3).zip duration:0 size:1277576 timeout:False
INFO:root:file:C:\Users\Teofil\Desktop\directory\avg_file (3).zip duration:21 size:1277576 timeout:True
INFO:root:file:C:\Users\Teofil\Desktop\directory\avg_file (4).zip duration:21 size:1277576 timeout:True
INFO:root:file:C:\Users\Teofil\Desktop\directory\111.zip duration:21 size:9357876 timeout:True
INFO:root:file:C:\Users\Teofil\Desktop\directory\avg_file (2).zip duration:0 size:1277576 timeout:False
INFO:root:file:C:\Users\Teofil\Desktop\directory\avg_file (3).zip duration:0 size:1277576 timeout:False
INFO:root:file:C:\Users\Teofil\Desktop\directory\avg_file (3).zip duration:21 size:1277576 timeout:True
INFO:root:file:C:\Users\Teofil\Desktop\directory\111.zip duration:21 size:9357876 timeout:True
INFO:root:file:C:\Users\Teofil\Desktop\directory\avg_file (1).zip duration:9 size:1277576 timeout:False
INFO:root:file:C:\Users\Teofil\Desktop\directory\avg_file (2).zip duration:0 size:1277576 timeout:False
INFO:root:file:C:\Users\Teofil\Desktop\directory\avg_file (3).zip duration:0 size:1277576 timeout:False
INFO:root:file:C:\Users\Teofil\Desktop\directory\avg_file (4).zip duration:0 size:1277576 timeout:False
INFO:root:file:C:\Users\Teofil\Desktop\directory\avg_file (5).zip duration:0 size:1277576 timeout:False
INFO:root:file:C:\Users\Teofil\Desktop\directory\small file (2).zip duration:0 size:723784 timeout:False
INFO:root:file:C:\Users\Teofil\Desktop\directory\small file (3).zip duration:0 size:723784 timeout:False
INFO:root:file:C:\Users\Teofil\Desktop\directory\small file (4).zip duration:0 size:723784 timeout:False
INFO:root:file:C:\Users\Teofil\Desktop\directory\small file (5).zip duration:0 size:723784 timeout:False
INFO:root:file:C:\Users\Teofil\Desktop\directory\small file (5).zip duration:0 size:723784 timeout:False
INFO:root:size:10006800 duration:32 no-threads:1 gtimout:False
INFO:root:file:C:\Users\Teofil\Desktop\directory\111.zip duration:6 size:9357876 timeout:True
INFO:root:file:C:\Users\Teofil\Desktop\directory\avg_file (1).zip duration:6 size:1277576 timeout:True
INFO:root:file:C:\Users\Teofil\Desktop\directory\avg_file (2).zip duration:6 size:1277576 timeout:True
INFO:root:file:C:\Users\Teofil\Desktop\directory\avg_file (3).zip duration:6 size:1277576 timeout:True
INFO:root:file:C:\Users\Teofil\Desktop\directory\avg_file (4).zip duration:0 size:1277576 timeout:False
INFO:root:file:C:\Users\Teofil\Desktop\directory\avg_file (5).zip duration:0 size:1277576 timeout:False
INFO:root:file:C:\Users\Teofil\Desktop\directory\small file (2).zip duration:0 size:723784 timeout:False
INFO:root:file:C:\Users\Teofil\Desktop\directory\small file (2).zip duration:0 size:723784 timeout:False
INFO:root:file:C:\Users\Teofil\Desktop\directory\small file (3).zip duration:0 size:723784 timeout:False
INFO:root:file:C:\Users\Teofil\Desktop\directory\small file (5).zip duration:0 size:723784 timeout:False
INFO:root:file:C:\Users\Teofil\Desktop\directory\small file (5).zip duration:0 size:723784 timeout:False
INFO:root:size:6174072 duration:25 no-threads:1 gtimout:False
INFO:root:file:C:\Users\Teofil\Desktop\directory\111.zip duration:2 size:9357876 timeout:False
INFO:root:file:C:\Users\Teofil\Desktop\directory\avg_file (1).zip duration:0 size:1277576 timeout:False
INFO:root:file:C:\Users\Teofil\Desktop\directory\avg_file (2).zip duration:0 size:1277576 timeout:False
INFO:root:file:C:\Users\Teofil\Desktop\directory\avg_file (3).zip duration:0 size:1277576 timeout:False
INFO:root:file:C:\Users\Teofil\Desktop\directory\avg_file (4).zip duration:0 size:1277576 timeout:False
INFO:root:file:C:\Users\Teofil\Desktop\directory\small file (1).zip duration:0 size:723784 timeout:False
INFO:root:file:C:\Users\Teofil\Desktop\directory\small file (2).zip duration:0 size:723784 timeout:False
INFO:root:file:C:\Users\Teofil\Desktop\directory\small file (2).zip duration:0 size:723784 timeout:False
INFO:root:file:C:\Users\Teofil\Desktop\directory\small file (4).zip duration:0 size:723784 timeout:False
INFO:root:file:C:\Users\Teofil\Desktop\directory\small file (4).zip duration:0 size:723784 timeout:False
INFO:root:file:C:\Users\Teofil\Desktop\directory\small file (5).zip duration:0 size:723784 timeout:False
INFO:root:nr_files:11 files_extracted:11 size:18810884 duration:6 no-threads:1 gtimout:False
INFO:root:file:C:\Users\Teofil\Desktop\directory\111.zip duration:6 size:9357876 timeout:True
INFO:root:file:C:\Users\Teofil\Desktop\directory\avg_file (1).zip duration:6 size:1277576 timeout:True
INFO:root:file:C:\Users\Teofil\Desktop\directory\avg_file (2).zip duration:6 size:1277576 timeout:True
INFO:root:file:C:\Users\Teofil\Desktop\directory\avg_file (3).zip duration:6 size:1277576 timeout:True
INFO:root:file:C:\Users\Teofil\Desktop\directory\avg_file (4).zip duration:0 size:1277576 timeout:False
INFO:root:file:C:\Users\Teofil\Desktop\directory\avg_file (5).zip duration:0 size:1277576 timeout:False
INFO:root:file:C:\Users\Teofil\Desktop\directory\small file (1).zip duration:0 size:723784 timeout:False
INFO:root:file:C:\Users\Teofil\Desktop\directory\small file (2).zip duration:0 size:723784 timeout:False
INFO:root:file:C:\Users\Teofil\Desktop\directory\small file (3).zip duration:0 size:723784 timeout:False
INFO:root:file:C:\Users\Teofil\Desktop\directory\small file (4).zip duration:0 size:723784 timeout:False
INFO:root:file:C:\Users\Teofil\Desktop\directory\small file (5).zip duration:0 size:723784 timeout:False
INFO:root:nr_files:11 files_extracted:7 size:6174072 duration:26 no-threads:1 gtimout:False
INFO:root:file:C:\Users\Teofil\Desktop\directory\111.zip duration:6 size:9357876 timeout:True
INFO:root:file:C:\Users\Teofil\Desktop\directory\avg_file (1).zip duration:6 size:1277576 timeout:True
INFO:root:file:C:\Users\Teofil\Desktop\directory\avg_file (2).zip duration:6 size:1277576 timeout:True
INFO:root:nr_files:11 files_extracted:0 size:0 duration:21 no-threads:1 gtimout:True
